// Jest Snapshot v1, https://goo.gl/fbAQLP

exports[`rendering renders correctly categories 1`] = `"\\"<header class=\\\\\\"header \\\\\\">\\\\r\\\\n    <div class=\\\\\\"wrapper\\\\\\">\\\\r\\\\n        <div class=\\\\\\"header__container\\\\\\">\\\\r\\\\n\\\\r\\\\n            <div class=\\\\\\"header__logo logo\\\\\\">\\\\r\\\\n                <a href=\\\\\\"#\\\\\\" class=\\\\\\"logo__link\\\\\\">\\\\r\\\\n                    <img src=\\\\\\"/images/header.svg\\\\\\" alt=\\\\\\"header\\\\\\" class=\\\\\\"logo__img\\\\\\">\\\\r\\\\n                </a>\\\\r\\\\n            </div>\\\\r\\\\n\\\\r\\\\n            <div class=\\\\\\"header__title-wrapp\\\\\\">\\\\r\\\\n                <h1 class=\\\\\\"header__title\\\\\\">Daily task list</h1>\\\\r\\\\n            </div>\\\\r\\\\n\\\\r\\\\n            <nav class=\\\\\\"navigation header__nav\\\\\\">\\\\r\\\\n                <ul class=\\\\\\"navigation__list\\\\\\">\\\\r\\\\n                    <li class=\\\\\\"navigation__item\\\\\\">\\\\r\\\\n                        <button class=\\\\\\"navigation__btn \\\\\\" data-route=\\\\\\"task-list\\\\\\" title=\\\\\\"Go to Tasks\\\\\\">\\\\r\\\\n                            <span class=\\\\\\"navigation__icon icon icon-tasks\\\\\\"></span>\\\\r\\\\n                        </button>\\\\r\\\\n                    </li>\\\\r\\\\n                    <li class=\\\\\\"navigation__item\\\\\\">\\\\r\\\\n                        <button class=\\\\\\"navigation__btn \\\\\\" data-route=\\\\\\"reports/day/tasks\\\\\\" title=\\\\\\"Go to Reports\\\\\\">\\\\r\\\\n                            <span class=\\\\\\"navigation__icon icon icon-statistics\\\\\\"></span>\\\\r\\\\n                        </button>\\\\r\\\\n                    </li>\\\\r\\\\n                    <li class=\\\\\\"navigation__item\\\\\\">\\\\r\\\\n                        <button class=\\\\\\"navigation__btn \\\\\\"\\\\r\\\\n                            data-route=\\\\\\"settings/pomodoros\\\\\\" title=\\\\\\"Go to Settings\\\\\\">\\\\r\\\\n                            <span class=\\\\\\"navigation__icon icon  icon-settings\\\\\\"></span>\\\\r\\\\n                        </button>\\\\r\\\\n                    </li>\\\\r\\\\n                </ul>\\\\r\\\\n            </nav>\\\\r\\\\n\\\\r\\\\n        </div>\\\\r\\\\n\\\\r\\\\n    </div>\\\\r\\\\n</header><main class=\\\\\\"content settings-page\\\\\\">\\\\r\\\\n\\\\r\\\\n    <section class=\\\\\\"settings\\\\\\">\\\\r\\\\n        <div class=\\\\\\"wrapper\\\\\\">\\\\r\\\\n            <div class=\\\\\\"tab \\\\\\">\\\\r\\\\n                <div class=\\\\\\"tab__container\\\\\\">\\\\r\\\\n                    <ul class=\\\\\\"tab__item \\\\\\">\\\\r\\\\n                    </ul>\\\\r\\\\n                </div>\\\\r\\\\n            </div>            <div class=\\\\\\"settings__container\\\\\\">\\\\r\\\\n                <h2 class=\\\\\\"settings__title\\\\\\">Categories list overview</h2>\\\\r\\\\n                <ul class=\\\\\\"settings__options setting-list\\\\\\">\\\\r\\\\n                    <li class=\\\\\\"setting-list__item setting-list__item--work\\\\\\">\\\\r\\\\n                        Work\\\\r\\\\n                    </li>\\\\r\\\\n                    <li class=\\\\\\"setting-list__item setting-list__item--education\\\\\\">\\\\r\\\\n                        Education\\\\r\\\\n                    </li>\\\\r\\\\n                    <li class=\\\\\\"setting-list__item setting-list__item--other\\\\\\">\\\\r\\\\n                        Other\\\\r\\\\n                    </li>\\\\r\\\\n                    <li class=\\\\\\"setting-list__item setting-list__item--sport\\\\\\">\\\\r\\\\n                        Sport\\\\r\\\\n                    </li>\\\\r\\\\n                    <li class=\\\\\\"setting-list__item setting-list__item--hobby\\\\\\">\\\\r\\\\n                        Hobby\\\\r\\\\n                    </li>\\\\r\\\\n                </ul>\\\\r\\\\n\\\\r\\\\n                <div class=\\\\\\"settings__buttons setting-list__btn service-btn service-btn--single\\\\\\">\\\\r\\\\n                    <button class=\\\\\\"service-btn__btn service-btn__btn--blue settings__buttons-skip\\\\\\">Go to Tasks</button>\\\\r\\\\n                </div>\\\\r\\\\n            </div>\\\\r\\\\n        </div>\\\\r\\\\n    </section>\\\\r\\\\n\\\\r\\\\n</main>\\""`;

exports[`rendering renders correctly page 1`] = `"\\"\\\\r\\\\n    <header class=\\\\\\"header \\\\\\">\\\\r\\\\n        <div class=\\\\\\"wrapper\\\\\\">\\\\r\\\\n            <div class=\\\\\\"header__container\\\\\\">\\\\r\\\\n    \\\\r\\\\n                <div class=\\\\\\"header__logo logo\\\\\\">\\\\r\\\\n                    <a href=\\\\\\"#\\\\\\" class=\\\\\\"logo__link\\\\\\">\\\\r\\\\n                        <img src=\\\\\\"/images/header.svg\\\\\\" alt=\\\\\\"header\\\\\\" class=\\\\\\"logo__img\\\\\\">\\\\r\\\\n                    </a>\\\\r\\\\n                </div>\\\\r\\\\n    \\\\r\\\\n                <div class=\\\\\\"header__title-wrapp\\\\\\">\\\\r\\\\n                    <h1 class=\\\\\\"header__title\\\\\\">Daily task list</h1>\\\\r\\\\n                </div>\\\\r\\\\n    \\\\r\\\\n                <nav class=\\\\\\"navigation header__nav\\\\\\">\\\\r\\\\n                    <ul class=\\\\\\"navigation__list\\\\\\">\\\\r\\\\n                        <li class=\\\\\\"navigation__item\\\\\\">\\\\r\\\\n                            <button class=\\\\\\"navigation__btn \\\\\\" data-route=\\\\\\"task-list\\\\\\" title=\\\\\\"Go to Tasks\\\\\\">\\\\r\\\\n                                <span class=\\\\\\"navigation__icon icon icon-tasks\\\\\\"></span>\\\\r\\\\n                            </button>\\\\r\\\\n                        </li>\\\\r\\\\n                        <li class=\\\\\\"navigation__item\\\\\\">\\\\r\\\\n                            <button class=\\\\\\"navigation__btn \\\\\\" data-route=\\\\\\"reports/day/tasks\\\\\\" title=\\\\\\"Go to Reports\\\\\\">\\\\r\\\\n                                <span class=\\\\\\"navigation__icon icon icon-statistics\\\\\\"></span>\\\\r\\\\n                            </button>\\\\r\\\\n                        </li>\\\\r\\\\n                        <li class=\\\\\\"navigation__item\\\\\\">\\\\r\\\\n                            <button class=\\\\\\"navigation__btn \\\\\\"\\\\r\\\\n                                data-route=\\\\\\"settings/pomodoros\\\\\\" title=\\\\\\"Go to Settings\\\\\\">\\\\r\\\\n                                <span class=\\\\\\"navigation__icon icon  icon-settings\\\\\\"></span>\\\\r\\\\n                            </button>\\\\r\\\\n                        </li>\\\\r\\\\n                    </ul>\\\\r\\\\n                </nav>\\\\r\\\\n    \\\\r\\\\n            </div>\\\\r\\\\n    \\\\r\\\\n        </div>\\\\r\\\\n    </header>    <main class=\\\\\\"content settings-page\\\\\\">\\\\r\\\\n\\\\r\\\\n        <section class=\\\\\\"settings\\\\\\">\\\\r\\\\n            <div class=\\\\\\"wrapper\\\\\\">\\\\r\\\\n                <div class=\\\\\\"tab \\\\\\">\\\\r\\\\n                    <div class=\\\\\\"tab__container\\\\\\">\\\\r\\\\n                        <ul class=\\\\\\"tab__item \\\\\\">\\\\r\\\\n                        </ul>\\\\r\\\\n                    </div>\\\\r\\\\n                </div>                <div class=\\\\\\"settings__container d-none\\\\\\">\\\\r\\\\n                    <h2 class=\\\\\\"settings__title\\\\\\">Categories list overview</h2>\\\\r\\\\n                    <ul class=\\\\\\"settings__options setting-list\\\\\\">\\\\r\\\\n                        <li class=\\\\\\"setting-list__item setting-list__item--work\\\\\\">\\\\r\\\\n                            Work\\\\r\\\\n                        </li>\\\\r\\\\n                        <li class=\\\\\\"setting-list__item setting-list__item--education\\\\\\">\\\\r\\\\n                            Education\\\\r\\\\n                        </li>\\\\r\\\\n                        <li class=\\\\\\"setting-list__item setting-list__item--other\\\\\\">\\\\r\\\\n                            Other\\\\r\\\\n                        </li>\\\\r\\\\n                        <li class=\\\\\\"setting-list__item setting-list__item--sport\\\\\\">\\\\r\\\\n                            Sport\\\\r\\\\n                        </li>\\\\r\\\\n                        <li class=\\\\\\"setting-list__item setting-list__item--hobby\\\\\\">\\\\r\\\\n                            Hobby\\\\r\\\\n                        </li>\\\\r\\\\n                    </ul>\\\\r\\\\n\\\\r\\\\n                    <div class=\\\\\\"settings__buttons setting-list__btn service-btn service-btn--single\\\\\\">\\\\r\\\\n                        <button class=\\\\\\"service-btn__btn service-btn__btn--blue\\\\\\">Skip</button>\\\\r\\\\n                    </div>\\\\r\\\\n                </div>\\\\r\\\\n                <!-- remove d-none -->\\\\r\\\\n                <div class=\\\\\\"settings__container\\\\\\">\\\\r\\\\n                    <h2 class=\\\\\\"settings__title\\\\\\">Pomodoros settings</h2>\\\\r\\\\n                    <ul class=\\\\\\"settings__change change-list\\\\\\">\\\\r\\\\n                        <li class=\\\\\\"change-list__item change-list__item--work\\\\\\" id=\\\\\\"\\\\\\">\\\\r\\\\n                            <div class=\\\\\\"change-list__info\\\\\\">\\\\r\\\\n                                <h4 class=\\\\\\"change-list__title\\\\\\">Work time</h4>\\\\r\\\\n                                <div class=\\\\\\"change-list__setting\\\\\\" id=\\\\\\"work\\\\\\">\\\\r\\\\n                                    <button class=\\\\\\"change-list__minus change-list__btn icon-minus icon\\\\\\"></button>\\\\r\\\\n                                    <span  class=\\\\\\"change-list__input\\\\\\">25</span>\\\\r\\\\n                                    <button class=\\\\\\"change-list__plus change-list__btn icon-plus icon\\\\\\"></button>\\\\r\\\\n                                </div>\\\\r\\\\n                            </div>\\\\r\\\\n                            <p class=\\\\\\"change-list__details\\\\\\">\\\\r\\\\n                                Please select a value between 15 and 25 <span class=\\\\\\"change-list__details--white\\\\\\">minutes</span>\\\\r\\\\n                            </p>\\\\r\\\\n                        </li>\\\\r\\\\n                        <li class=\\\\\\"change-list__item change-list__item--other\\\\\\">\\\\r\\\\n                            <div class=\\\\\\"change-list__info\\\\\\">\\\\r\\\\n                                <h4 class=\\\\\\"change-list__title\\\\\\">Work Iteration</h4>\\\\r\\\\n                                <div class=\\\\\\"change-list__setting\\\\\\" id=\\\\\\"iteration\\\\\\">\\\\r\\\\n                                    <button class=\\\\\\"change-list__minus change-list__btn icon-minus icon\\\\\\"></button>\\\\r\\\\n                                    <span  class=\\\\\\"change-list__input\\\\\\">5</span>\\\\r\\\\n                                    <button class=\\\\\\"change-list__plus change-list__btn icon-plus icon\\\\\\"></button>\\\\r\\\\n                                </div>\\\\r\\\\n                            </div>\\\\r\\\\n                            <p class=\\\\\\"change-list__details\\\\\\">\\\\r\\\\n                                Please select a value between 2 and 5 <span class=\\\\\\"change-list__details--white\\\\\\">iterations</span>\\\\r\\\\n                            </p>\\\\r\\\\n                        </li>\\\\r\\\\n                        <li class=\\\\\\"change-list__item change-list__item--education\\\\\\">\\\\r\\\\n                            <div class=\\\\\\"change-list__info\\\\\\">\\\\r\\\\n                                <h4 class=\\\\\\"change-list__title\\\\\\">Short Break</h4>\\\\r\\\\n                                <div class=\\\\\\"change-list__setting\\\\\\" id=\\\\\\"shortBreak\\\\\\">\\\\r\\\\n                                    <button class=\\\\\\"change-list__minus change-list__btn icon-minus icon\\\\\\"></button>\\\\r\\\\n                                    <span  class=\\\\\\"change-list__input\\\\\\">5</span>\\\\r\\\\n                                    <button class=\\\\\\"change-list__plus change-list__btn icon-plus icon\\\\\\"></button>\\\\r\\\\n                                </div>\\\\r\\\\n                            </div>\\\\r\\\\n                            <p class=\\\\\\"change-list__details\\\\\\">\\\\r\\\\n                                Please select a value between 3 and 5 <span class=\\\\\\"change-list__details--white\\\\\\">minutes</span>\\\\r\\\\n                            </p>\\\\r\\\\n                        </li>\\\\r\\\\n                        <li class=\\\\\\"change-list__item change-list__item--hobby\\\\\\">\\\\r\\\\n                            <div class=\\\\\\"change-list__info\\\\\\">\\\\r\\\\n                                <h4 class=\\\\\\"change-list__title\\\\\\">Long Break</h4>\\\\r\\\\n                                <div class=\\\\\\"change-list__setting\\\\\\" id=\\\\\\"longBreak\\\\\\">\\\\r\\\\n                                    <button class=\\\\\\"change-list__minus change-list__btn icon-minus icon\\\\\\"></button>\\\\r\\\\n                                    <span  class=\\\\\\"change-list__input\\\\\\">15</span>\\\\r\\\\n                                    <button class=\\\\\\"change-list__plus change-list__btn icon-plus icon\\\\\\"></button>\\\\r\\\\n                                </div>\\\\r\\\\n                            </div>\\\\r\\\\n                            <p class=\\\\\\"change-list__details\\\\\\">\\\\r\\\\n                                Please select a value between 15 and 30 <span class=\\\\\\"change-list__details--white\\\\\\">minutes</span>\\\\r\\\\n                            </p>\\\\r\\\\n                        </li>\\\\r\\\\n                    </ul>\\\\r\\\\n                    <section class=\\\\\\"cycle\\\\\\">\\\\r\\\\n                        <h2 class=\\\\\\"settings__title\\\\\\">Your cycle</h2>\\\\r\\\\n                        <div class=\\\\\\"cycle__container\\\\\\">\\\\r\\\\n                        </div>\\\\r\\\\n                    </section>\\\\r\\\\n                    <div class=\\\\\\"settings__buttons service-btn\\\\\\">\\\\r\\\\n                        <button class=\\\\\\"service-btn__btn service-btn__btn--blue settings__buttons-return\\\\\\">Go to Task</button>\\\\r\\\\n                        <button class=\\\\\\"service-btn__btn service-btn__btn--green settings__buttons-save\\\\\\">Save</button>\\\\r\\\\n                    </div>\\\\r\\\\n\\\\r\\\\n                </div>\\\\r\\\\n            </div>\\\\r\\\\n        </section>\\\\r\\\\n\\\\r\\\\n\\\\r\\\\n\\\\r\\\\n    </main>\\""`;
