// Jest Snapshot v1, https://goo.gl/fbAQLP

exports[`rendering renders correctly allTasksDone 1`] = `"\\"<section class=\\\\\\"message message--exelent\\\\\\">\\\\r\\\\n    <div class=\\\\\\"message__container\\\\\\">\\\\r\\\\n        <div class=\\\\\\"message__text message__text--bottom-margin\\\\\\">\\\\r\\\\n            <p>Excellent,\\\\r\\\\n                all daily tasks done :)\\\\r\\\\n            </p>\\\\r\\\\n        </div>\\\\r\\\\n    </div>\\\\r\\\\n</section>\\""`;

exports[`rendering renders correctly emptyPage 1`] = `"\\"<section class=\\\\\\"message\\\\\\">\\\\r\\\\n    <div class=\\\\\\"message__container\\\\\\">\\\\r\\\\n        <img src=\\\\\\"../../images/tomato-addv02.svg\\\\\\" alt=\\\\\\"Logo\\\\\\" class=\\\\\\"message__img\\\\\\">\\\\r\\\\n        <div class=\\\\\\"message__text message__text--bottom-margin\\\\\\">\\\\r\\\\n            <p>Add your first task\\\\r\\\\n            </p>\\\\r\\\\n        </div>\\\\r\\\\n    </div>\\\\r\\\\n</section>\\""`;

exports[`rendering renders correctly firstPage 1`] = `"\\"<header class=\\\\\\"header \\\\\\">\\\\r\\\\n    <div class=\\\\\\"wrapper\\\\\\">\\\\r\\\\n        <div class=\\\\\\"header__container\\\\\\">\\\\r\\\\n\\\\r\\\\n            <div class=\\\\\\"header__logo logo\\\\\\">\\\\r\\\\n                <a href=\\\\\\"#\\\\\\" class=\\\\\\"logo__link\\\\\\">\\\\r\\\\n                    <img src=\\\\\\"/images/header.svg\\\\\\" alt=\\\\\\"header\\\\\\" class=\\\\\\"logo__img\\\\\\">\\\\r\\\\n                </a>\\\\r\\\\n            </div>\\\\r\\\\n\\\\r\\\\n            <div class=\\\\\\"header__title-wrapp\\\\\\">\\\\r\\\\n                <h1 class=\\\\\\"header__title\\\\\\">Daily task list</h1>\\\\r\\\\n            </div>\\\\r\\\\n\\\\r\\\\n            <nav class=\\\\\\"navigation header__nav\\\\\\">\\\\r\\\\n                <ul class=\\\\\\"navigation__list\\\\\\">\\\\r\\\\n                    <li class=\\\\\\"navigation__item\\\\\\">\\\\r\\\\n                        <button class=\\\\\\"navigation__btn \\\\\\" data-route=\\\\\\"task-list\\\\\\" title=\\\\\\"Go to Tasks\\\\\\">\\\\r\\\\n                            <span class=\\\\\\"navigation__icon icon icon-tasks\\\\\\"></span>\\\\r\\\\n                        </button>\\\\r\\\\n                    </li>\\\\r\\\\n                    <li class=\\\\\\"navigation__item\\\\\\">\\\\r\\\\n                        <button class=\\\\\\"navigation__btn \\\\\\" data-route=\\\\\\"reports/day/tasks\\\\\\" title=\\\\\\"Go to Reports\\\\\\">\\\\r\\\\n                            <span class=\\\\\\"navigation__icon icon icon-statistics\\\\\\"></span>\\\\r\\\\n                        </button>\\\\r\\\\n                    </li>\\\\r\\\\n                    <li class=\\\\\\"navigation__item\\\\\\">\\\\r\\\\n                        <button class=\\\\\\"navigation__btn \\\\\\"\\\\r\\\\n                            data-route=\\\\\\"settings/pomodoros\\\\\\" title=\\\\\\"Go to Settings\\\\\\">\\\\r\\\\n                            <span class=\\\\\\"navigation__icon icon  icon-settings\\\\\\"></span>\\\\r\\\\n                        </button>\\\\r\\\\n                    </li>\\\\r\\\\n                </ul>\\\\r\\\\n            </nav>\\\\r\\\\n\\\\r\\\\n        </div>\\\\r\\\\n\\\\r\\\\n    </div>\\\\r\\\\n</header>    <main class=\\\\\\"content task-list-page\\\\\\">\\\\r\\\\n        <section class=\\\\\\"first-message message\\\\\\">\\\\r\\\\n            <div class=\\\\\\"wrapper\\\\\\">\\\\r\\\\n                <div class=\\\\\\"message__container\\\\\\">\\\\r\\\\n                    <img src=\\\\\\"../../images/tomato_settings.svg\\\\\\" alt=\\\\\\"Logo\\\\\\" class=\\\\\\"message__img\\\\\\">\\\\r\\\\n                    <div class=\\\\\\"message__text message__text--bottom-margin\\\\\\">\\\\r\\\\n                        <p>As you visited site for a first time you can\\\\r\\\\n                            check and customize your default\\\\r\\\\n                            application settings\\\\r\\\\n                        </p>\\\\r\\\\n                    </div>\\\\r\\\\n                    <div class=\\\\\\"message__buttons service-btn\\\\\\">\\\\r\\\\n                        <button class=\\\\\\"service-btn__btn service-btn__btn--blue message__buttons-skip\\\\\\">Skip</button>\\\\r\\\\n                        <button class=\\\\\\"service-btn__btn service-btn__btn--green message__buttons-settings\\\\\\">Go to settings</button>\\\\r\\\\n                    </div>\\\\r\\\\n                </div>\\\\r\\\\n            </div>\\\\r\\\\n        </section>\\\\r\\\\n\\\\r\\\\n\\\\r\\\\n    </main>\\\\r\\\\n\\""`;

exports[`rendering renders correctly noDailyTasks 1`] = `"\\"<section class=\\\\\\"message message--added-message\\\\\\">\\\\r\\\\n    <div class=\\\\\\"message__container\\\\\\">\\\\r\\\\n        <div class=\\\\\\"message__text\\\\\\">\\\\r\\\\n            <p>Task added,</p>\\\\r\\\\n            <p>Go it to the top 5 in daily task list</p>\\\\r\\\\n            <span class=\\\\\\"message__icon icon icon-arrow-top\\\\\\"></span>\\\\r\\\\n        </div>\\\\r\\\\n    </div>\\\\r\\\\n</section>\\""`;

exports[`rendering renders correctly noTasksLeft 1`] = `"\\"<section class=\\\\\\"message\\\\\\">\\\\r\\\\n    <div class=\\\\\\"message__container\\\\\\">\\\\r\\\\n        <img src=\\\\\\"../../images/tomato_settings.svg\\\\\\" alt=\\\\\\"Logo\\\\\\" class=\\\\\\"message__img\\\\\\">\\\\r\\\\n        <div class=\\\\\\"message__text message__text--bottom-margin\\\\\\">\\\\r\\\\n            <p>You donâ€™t have any tasks left. Add new tasks to stay productive.\\\\r\\\\n            </p>\\\\r\\\\n        </div>\\\\r\\\\n    </div>\\\\r\\\\n</section>\\""`;

exports[`rendering renders correctly taskListContainer 1`] = `"\\"<header class=\\\\\\"header \\\\\\">\\\\r\\\\n    <div class=\\\\\\"wrapper\\\\\\">\\\\r\\\\n        <div class=\\\\\\"header__container\\\\\\">\\\\r\\\\n\\\\r\\\\n            <div class=\\\\\\"header__logo logo\\\\\\">\\\\r\\\\n                <a href=\\\\\\"#\\\\\\" class=\\\\\\"logo__link\\\\\\">\\\\r\\\\n                    <img src=\\\\\\"/images/header.svg\\\\\\" alt=\\\\\\"header\\\\\\" class=\\\\\\"logo__img\\\\\\">\\\\r\\\\n                </a>\\\\r\\\\n            </div>\\\\r\\\\n\\\\r\\\\n            <div class=\\\\\\"header__title-wrapp\\\\\\">\\\\r\\\\n                <h1 class=\\\\\\"header__title\\\\\\">Daily task list</h1>\\\\r\\\\n            </div>\\\\r\\\\n\\\\r\\\\n            <nav class=\\\\\\"navigation header__nav\\\\\\">\\\\r\\\\n                <ul class=\\\\\\"navigation__list\\\\\\">\\\\r\\\\n                    <li class=\\\\\\"navigation__item\\\\\\">\\\\r\\\\n                        <button class=\\\\\\"navigation__btn \\\\\\" data-route=\\\\\\"task-list\\\\\\" title=\\\\\\"Go to Tasks\\\\\\">\\\\r\\\\n                            <span class=\\\\\\"navigation__icon icon icon-tasks\\\\\\"></span>\\\\r\\\\n                        </button>\\\\r\\\\n                    </li>\\\\r\\\\n                    <li class=\\\\\\"navigation__item\\\\\\">\\\\r\\\\n                        <button class=\\\\\\"navigation__btn \\\\\\" data-route=\\\\\\"reports/day/tasks\\\\\\" title=\\\\\\"Go to Reports\\\\\\">\\\\r\\\\n                            <span class=\\\\\\"navigation__icon icon icon-statistics\\\\\\"></span>\\\\r\\\\n                        </button>\\\\r\\\\n                    </li>\\\\r\\\\n                    <li class=\\\\\\"navigation__item\\\\\\">\\\\r\\\\n                        <button class=\\\\\\"navigation__btn \\\\\\"\\\\r\\\\n                            data-route=\\\\\\"settings/pomodoros\\\\\\" title=\\\\\\"Go to Settings\\\\\\">\\\\r\\\\n                            <span class=\\\\\\"navigation__icon icon  icon-settings\\\\\\"></span>\\\\r\\\\n                        </button>\\\\r\\\\n                    </li>\\\\r\\\\n                </ul>\\\\r\\\\n            </nav>\\\\r\\\\n\\\\r\\\\n        </div>\\\\r\\\\n\\\\r\\\\n    </div>\\\\r\\\\n</header><main class=\\\\\\"content task-list-page\\\\\\">\\\\r\\\\n\\\\r\\\\n    <section class=\\\\\\"daily-content\\\\\\">\\\\r\\\\n        <div class=\\\\\\"wrapper\\\\\\">\\\\r\\\\n            <div class=\\\\\\"daily-content__container\\\\\\">\\\\r\\\\n\\\\r\\\\n                <div class=\\\\\\"tab \\\\\\">\\\\r\\\\n                    <div class=\\\\\\"tab__container\\\\\\">\\\\r\\\\n                        <ul class=\\\\\\"tab__item \\\\\\">\\\\r\\\\n                        </ul>\\\\r\\\\n                    </div>\\\\r\\\\n                </div>                <div class=\\\\\\"daily-content__content\\\\\\">\\\\r\\\\n\\\\r\\\\n                </div>\\\\r\\\\n                <div class=\\\\\\"daily-content__content--done d-none\\\\\\">\\\\r\\\\n\\\\r\\\\n                </div>\\\\r\\\\n\\\\r\\\\n            </div>\\\\r\\\\n        </div>\\\\r\\\\n    </section>\\\\r\\\\n    <section class=\\\\\\"global-list\\\\\\">\\\\r\\\\n        <div class=\\\\\\"wrapper\\\\\\">\\\\r\\\\n            <div class=\\\\\\"global-list__container\\\\\\">\\\\r\\\\n                <div class=\\\\\\"global-list__tabs tab\\\\\\">\\\\r\\\\n                    <div class=\\\\\\"tab__container\\\\\\">\\\\r\\\\n                        <div>\\\\r\\\\n                        <div class=\\\\\\"tab__item tab__item--global-btn\\\\\\">\\\\r\\\\n                            <button class=\\\\\\"tab__btn tab__btn--global\\\\\\" title=\\\\\\"Go to Global list\\\\\\">\\\\r\\\\n                                Global list\\\\r\\\\n                                <span class=\\\\\\"tab__arrow icon icon-arrow-right\\\\\\"></span>\\\\r\\\\n                            </button>\\\\r\\\\n                        </div>\\\\r\\\\n                        <ul class=\\\\\\"tab__item tab__item--left tab--hidden tab__item\\\\\\">\\\\r\\\\n                            <li class=\\\\\\"tab__btn tab__btn-select-global-list\\\\\\">Select all</li>\\\\r\\\\n                            <li class=\\\\\\"tab__btn tab__btn-disselect-global-list\\\\\\">Deselect all</li>\\\\r\\\\n                        </ul>\\\\r\\\\n                        </div>\\\\r\\\\n                        <ul class=\\\\\\"tab__item item--right tab__item--global\\\\\\">\\\\r\\\\n                            <li class=\\\\\\"tab__btn\\\\\\">All</li>\\\\r\\\\n                            <li class=\\\\\\"tab__btn\\\\\\">Urgent</li>\\\\r\\\\n                            <li class=\\\\\\"tab__btn\\\\\\">High</li>\\\\r\\\\n                            <li class=\\\\\\"tab__btn\\\\\\">Middle</li>\\\\r\\\\n                            <li class=\\\\\\"tab__btn\\\\\\">Low</li>\\\\r\\\\n                        </ul>\\\\r\\\\n                    </div>\\\\r\\\\n                </div>\\\\r\\\\n\\\\r\\\\n                <div class=\\\\\\"global-list__content\\\\\\">\\\\r\\\\n\\\\r\\\\n                </div>\\\\r\\\\n\\\\r\\\\n                <div class=\\\\\\"global-list__content--done d-none\\\\\\">\\\\r\\\\n\\\\r\\\\n                </div>\\\\r\\\\n            </div>\\\\r\\\\n        </div>\\\\r\\\\n    </section>\\\\r\\\\n\\\\r\\\\n\\\\r\\\\n</main>\\""`;
