// Jest Snapshot v1, https://goo.gl/fbAQLP

exports[`Test correct rendering renders start task button 1`] = `"\\"<button class=\\\\\\"service-btn__btn service-btn__btn--red fail-pomodora\\\\\\">\\\\r\\\\n    Fail Pomodora\\\\r\\\\n</button>\\\\r\\\\n\\\\r\\\\n<button class=\\\\\\"service-btn__btn service-btn__btn--green finish-pomodora\\\\\\">\\\\r\\\\n    Finish Pomodora\\\\r\\\\n</button>\\\\r\\\\n\\""`;

exports[`Test correct rendering renders timer template 1`] = `"\\" <header class=\\\\\\"header \\\\\\">\\\\r\\\\n     <div class=\\\\\\"wrapper\\\\\\">\\\\r\\\\n         <div class=\\\\\\"header__container\\\\\\">\\\\r\\\\n \\\\r\\\\n             <div class=\\\\\\"header__logo logo\\\\\\">\\\\r\\\\n                 <a href=\\\\\\"#\\\\\\" class=\\\\\\"logo__link\\\\\\">\\\\r\\\\n                     <img src=\\\\\\"/images/header.svg\\\\\\" alt=\\\\\\"header\\\\\\" class=\\\\\\"logo__img\\\\\\">\\\\r\\\\n                 </a>\\\\r\\\\n             </div>\\\\r\\\\n \\\\r\\\\n             <div class=\\\\\\"header__title-wrapp\\\\\\">\\\\r\\\\n                 <h1 class=\\\\\\"header__title\\\\\\">Daily task list</h1>\\\\r\\\\n             </div>\\\\r\\\\n \\\\r\\\\n             <nav class=\\\\\\"navigation header__nav\\\\\\">\\\\r\\\\n                 <ul class=\\\\\\"navigation__list\\\\\\">\\\\r\\\\n                     <li class=\\\\\\"navigation__item\\\\\\">\\\\r\\\\n                         <button class=\\\\\\"navigation__btn \\\\\\" data-route=\\\\\\"task-list\\\\\\" title=\\\\\\"Go to Tasks\\\\\\">\\\\r\\\\n                             <span class=\\\\\\"navigation__icon icon icon-tasks\\\\\\"></span>\\\\r\\\\n                         </button>\\\\r\\\\n                     </li>\\\\r\\\\n                     <li class=\\\\\\"navigation__item\\\\\\">\\\\r\\\\n                         <button class=\\\\\\"navigation__btn \\\\\\" data-route=\\\\\\"reports/day/tasks\\\\\\" title=\\\\\\"Go to Reports\\\\\\">\\\\r\\\\n                             <span class=\\\\\\"navigation__icon icon icon-statistics\\\\\\"></span>\\\\r\\\\n                         </button>\\\\r\\\\n                     </li>\\\\r\\\\n                     <li class=\\\\\\"navigation__item\\\\\\">\\\\r\\\\n                         <button class=\\\\\\"navigation__btn \\\\\\"\\\\r\\\\n                             data-route=\\\\\\"settings/pomodoros\\\\\\" title=\\\\\\"Go to Settings\\\\\\">\\\\r\\\\n                             <span class=\\\\\\"navigation__icon icon  icon-settings\\\\\\"></span>\\\\r\\\\n                         </button>\\\\r\\\\n                     </li>\\\\r\\\\n                 </ul>\\\\r\\\\n             </nav>\\\\r\\\\n \\\\r\\\\n         </div>\\\\r\\\\n \\\\r\\\\n     </div>\\\\r\\\\n </header> <main class=\\\\\\"content timer-page\\\\\\">\\\\r\\\\n\\\\r\\\\n        <section class=\\\\\\"timer-section\\\\\\">\\\\r\\\\n            <div class=\\\\\\"wrapper\\\\\\">\\\\r\\\\n                <div class=\\\\\\"timer-section__container\\\\\\">\\\\r\\\\n                    <div class=\\\\\\"timer-section__info\\\\\\">\\\\r\\\\n                        <h1 class=\\\\\\"timer-section__title\\\\\\">Ывпыпа</h1>\\\\r\\\\n                        <p class=\\\\\\"timer-section_subtitle\\\\\\">Fgdgerf</p>\\\\r\\\\n                        <div class=\\\\\\"estimation timer-section__estimation\\\\\\">\\\\r\\\\n                            <div class=\\\\\\"estimation__container\\\\\\">\\\\r\\\\n                                <span class=\\\\\\"estimation__item\\\\\\"></span><span class=\\\\\\"estimation__item\\\\\\"></span><span class=\\\\\\"estimation__item\\\\\\"></span><span class=\\\\\\"estimation__item\\\\\\"></span><span class=\\\\\\"estimation__item\\\\\\"></span>\\\\r\\\\n                                <button class=\\\\\\"estimation__btn icon d-none icon-add\\\\\\"></button>\\\\r\\\\n                            </div>\\\\r\\\\n                        </div>\\\\r\\\\n                    </div>\\\\r\\\\n                    <div class=\\\\\\"timer-section__clock\\\\\\">\\\\r\\\\n                        <a href=\\\\\\"/#/task-list\\\\\\" class=\\\\\\"timer-section__link timer-section__link--left icon icon-arrow-left go-to-task-list\\\\\\" title=\\\\\\"Go to Global List\\\\\\"></a>\\\\r\\\\n                        <div class=\\\\\\"timer timer-section__timer\\\\\\" id=\\\\\\"timer\\\\\\">    \\\\r\\\\n\\\\r\\\\n                        </div>\\\\r\\\\n                        <a href=\\\\\\"/#/reports/day/tasks\\\\\\" class=\\\\\\"timer-section__link timer-section__link--right icon icon-right go-to-reports-page d-none\\\\\\" title=\\\\\\"Go to Report\\\\\\"></a>\\\\r\\\\n                    </div>\\\\r\\\\n                    <div class=\\\\\\"settings__buttons service-btn timer-section__btn\\\\\\">\\\\r\\\\n                        <button class=\\\\\\"service-btn__btn service-btn__btn--green service-btn__btn-start-task\\\\\\">Start</button>\\\\r\\\\n                    </div>\\\\r\\\\n                </div>\\\\r\\\\n            </div>\\\\r\\\\n        </section>\\\\r\\\\n\\\\r\\\\n\\\\r\\\\n    </main>\\""`;

exports[`createPomodoros should create two pomodoros template: <span class="estimation__item"></span><span class="estimation__item"> 1`] = `"<span class=\\"estimation__item\\"></span><span class=\\"estimation__item\\"></span>"`;
