// Jest Snapshot v1, https://goo.gl/fbAQLP

exports[`renders correctly 1`] = `"\\"<header class=\\\\\\"header \\\\\\">\\\\r\\\\n    <div class=\\\\\\"wrapper\\\\\\">\\\\r\\\\n        <div class=\\\\\\"header__container\\\\\\">\\\\r\\\\n\\\\r\\\\n            <div class=\\\\\\"header__logo logo\\\\\\">\\\\r\\\\n                <a href=\\\\\\"#\\\\\\" class=\\\\\\"logo__link\\\\\\">\\\\r\\\\n                    <img src=\\\\\\"/images/header.svg\\\\\\" alt=\\\\\\"header\\\\\\" class=\\\\\\"logo__img\\\\\\">\\\\r\\\\n                </a>\\\\r\\\\n            </div>\\\\r\\\\n\\\\r\\\\n            <div class=\\\\\\"header__title-wrapp\\\\\\">\\\\r\\\\n                <h1 class=\\\\\\"header__title\\\\\\">Daily task list</h1>\\\\r\\\\n            </div>\\\\r\\\\n\\\\r\\\\n            <nav class=\\\\\\"navigation header__nav\\\\\\">\\\\r\\\\n                <ul class=\\\\\\"navigation__list\\\\\\">\\\\r\\\\n                    <li class=\\\\\\"navigation__item\\\\\\">\\\\r\\\\n                        <button class=\\\\\\"navigation__btn \\\\\\" data-route=\\\\\\"task-list\\\\\\" title=\\\\\\"Go to Tasks\\\\\\">\\\\r\\\\n                            <span class=\\\\\\"navigation__icon icon icon-tasks\\\\\\"></span>\\\\r\\\\n                        </button>\\\\r\\\\n                    </li>\\\\r\\\\n                    <li class=\\\\\\"navigation__item\\\\\\">\\\\r\\\\n                        <button class=\\\\\\"navigation__btn \\\\\\" data-route=\\\\\\"reports/day/tasks\\\\\\" title=\\\\\\"Go to Reports\\\\\\">\\\\r\\\\n                            <span class=\\\\\\"navigation__icon icon icon-statistics\\\\\\"></span>\\\\r\\\\n                        </button>\\\\r\\\\n                    </li>\\\\r\\\\n                    <li class=\\\\\\"navigation__item\\\\\\">\\\\r\\\\n                        <button class=\\\\\\"navigation__btn \\\\\\"\\\\r\\\\n                            data-route=\\\\\\"settings/pomodoros\\\\\\" title=\\\\\\"Go to Settings\\\\\\">\\\\r\\\\n                            <span class=\\\\\\"navigation__icon icon  icon-settings\\\\\\"></span>\\\\r\\\\n                        </button>\\\\r\\\\n                    </li>\\\\r\\\\n                </ul>\\\\r\\\\n            </nav>\\\\r\\\\n\\\\r\\\\n        </div>\\\\r\\\\n\\\\r\\\\n    </div>\\\\r\\\\n</header>\\""`;
