// Jest Snapshot v1, https://goo.gl/fbAQLP

exports[`check report rendering renders correctly report 1`] = `"\\"<header class=\\\\\\"header \\\\\\">\\\\r\\\\n    <div class=\\\\\\"wrapper\\\\\\">\\\\r\\\\n        <div class=\\\\\\"header__container\\\\\\">\\\\r\\\\n\\\\r\\\\n            <div class=\\\\\\"header__logo logo\\\\\\">\\\\r\\\\n                <a href=\\\\\\"#\\\\\\" class=\\\\\\"logo__link\\\\\\">\\\\r\\\\n                    <img src=\\\\\\"/images/header.svg\\\\\\" alt=\\\\\\"header\\\\\\" class=\\\\\\"logo__img\\\\\\">\\\\r\\\\n                </a>\\\\r\\\\n            </div>\\\\r\\\\n\\\\r\\\\n            <div class=\\\\\\"header__title-wrapp\\\\\\">\\\\r\\\\n                <h1 class=\\\\\\"header__title\\\\\\">Daily task list</h1>\\\\r\\\\n            </div>\\\\r\\\\n\\\\r\\\\n            <nav class=\\\\\\"navigation header__nav\\\\\\">\\\\r\\\\n                <ul class=\\\\\\"navigation__list\\\\\\">\\\\r\\\\n                    <li class=\\\\\\"navigation__item\\\\\\">\\\\r\\\\n                        <button class=\\\\\\"navigation__btn \\\\\\" data-route=\\\\\\"task-list\\\\\\" title=\\\\\\"Go to Tasks\\\\\\">\\\\r\\\\n                            <span class=\\\\\\"navigation__icon icon icon-tasks\\\\\\"></span>\\\\r\\\\n                        </button>\\\\r\\\\n                    </li>\\\\r\\\\n                    <li class=\\\\\\"navigation__item\\\\\\">\\\\r\\\\n                        <button class=\\\\\\"navigation__btn \\\\\\" data-route=\\\\\\"reports/day/tasks\\\\\\" title=\\\\\\"Go to Reports\\\\\\">\\\\r\\\\n                            <span class=\\\\\\"navigation__icon icon icon-statistics\\\\\\"></span>\\\\r\\\\n                        </button>\\\\r\\\\n                    </li>\\\\r\\\\n                    <li class=\\\\\\"navigation__item\\\\\\">\\\\r\\\\n                        <button class=\\\\\\"navigation__btn \\\\\\"\\\\r\\\\n                            data-route=\\\\\\"settings/pomodoros\\\\\\" title=\\\\\\"Go to Settings\\\\\\">\\\\r\\\\n                            <span class=\\\\\\"navigation__icon icon  icon-settings\\\\\\"></span>\\\\r\\\\n                        </button>\\\\r\\\\n                    </li>\\\\r\\\\n                </ul>\\\\r\\\\n            </nav>\\\\r\\\\n\\\\r\\\\n        </div>\\\\r\\\\n\\\\r\\\\n    </div>\\\\r\\\\n</header><main class=\\\\\\"content reports-page\\\\\\">\\\\r\\\\n\\\\r\\\\n       <section class=\\\\\\"reports\\\\\\">\\\\r\\\\n        <div class=\\\\\\"wrapper\\\\\\">\\\\r\\\\n            <div class=\\\\\\"reports__container\\\\\\">\\\\r\\\\n                <div class=\\\\\\"tab \\\\\\">\\\\r\\\\n                    <div class=\\\\\\"tab__container\\\\\\">\\\\r\\\\n                        <ul class=\\\\\\"tab__item \\\\\\">\\\\r\\\\n                        </ul>\\\\r\\\\n                    </div>\\\\r\\\\n                </div>                <div class=\\\\\\"reports__content\\\\\\">\\\\r\\\\n                    <a href=\\\\\\"/task-list\\\\\\" class=\\\\\\"reports__link-left icon icon-arrow-left\\\\\\" title=\\\\\\"Go to Global List\\\\\\"></a>   \\\\r\\\\n                    <div class=\\\\\\"reports__graph\\\\\\" id=\\\\\\"reportsGraph\\\\\\">\\\\r\\\\n                        \\\\r\\\\n                    </div>\\\\r\\\\n                </div>\\\\r\\\\n                <div class=\\\\\\"tab \\\\\\">\\\\r\\\\n                    <div class=\\\\\\"tab__container\\\\\\">\\\\r\\\\n                        <ul class=\\\\\\"tab__item \\\\\\">\\\\r\\\\n                        </ul>\\\\r\\\\n                    </div>\\\\r\\\\n                </div>            </div>\\\\r\\\\n        </div>\\\\r\\\\n       </section>\\\\r\\\\n\\\\r\\\\n\\\\r\\\\n    </main>\\""`;
